[fast-uptime.cf/index.html]
[fast-uptime.cf/css/fast.css]
[fast-uptime.cf/css/style.css]
[pro.fontawesome.com/releases/v5.13.1/css/all.css]
[cdn.jsdelivr.net/gh/alpinejs/alpine@v2.x.x/dist/alpine.min.js]
[fast-uptime.cf/dashboard/assets/img/icon.png]
[cdnjs.cloudflare.com/ajax/libs/animate.css/4.1.1/animate.min.css]
[fast-uptime.cf/css/style.min.css]
[code.jquery.com/jquery-3.5.1.slim.min.js]
[cdn.jsdelivr.net/npm/popper.js@1.16.1/dist/umd/popper.min.js]
[fast-uptime.cf/assets/js/lang.js]
[backblue.gif]
[fade.gif]
[index.html]
[maxcdn.bootstrapcdn.com/bootstrap/3.3.7/js/bootstrap.min.js]
[fast-uptime.cf/status.html]
[fast-uptime.cf/pricing.html]
[fast-uptime.cf/faqs.html]
[fast-uptime.cf/index.html]
[fast-uptime.cf/css/style.css]
[i.redd.it/fxlb9eda42a31.jpg]
[fast-uptime.cf/css/fast.css]
[pro.fontawesome.com/releases/v5.13.1/css/all.css]
[cdnjs.cloudflare.com/ajax/libs/animate.css/4.1.1/animate.min.css]
[fast-uptime.cf/css/style.min.css]
[fast-uptime.cf/status.html]
[fast-uptime.cf/pricing.html]
[fast-uptime.cf/faqs.html]
